../Asser/motor.c:32:5:moteurDroit	24	static
../Asser/motor.c:60:5:moteurGauche	24	static
../Asser/motor.c:89:5:motor_shell	48	static
../Asser/motor.c:199:5:avance	16	static
../Asser/motor.c:214:5:recule	16	static
../Asser/motor.c:229:5:stop	8	static
../Asser/motor.c:241:5:gauche	16	static
../Asser/motor.c:257:5:droite	16	static
../Asser/motor.c:276:6:taskBordure	16	static
../Asser/motor.c:308:6:taskRecherche	16	static
../Asser/motor.c:334:6:taskTrouve	16	static
../Asser/motor.c:350:6:taskAttrape	16	static
../Asser/motor.c:370:6:taskMotor	16	static
