../Asser/motor.c:35:5:moteurDroit	24	static
../Asser/motor.c:63:5:moteurGauche	24	static
../Asser/motor.c:92:5:motor_shell	48	static
../Asser/motor.c:202:5:avance	16	static
../Asser/motor.c:217:5:recule	16	static
../Asser/motor.c:232:5:stop	8	static
../Asser/motor.c:244:5:gauche	16	static
../Asser/motor.c:260:5:droite	16	static
../Asser/motor.c:280:5:avance_droit	32	static
../Asser/motor.c:293:5:avance_gauche	32	static
../Asser/motor.c:306:6:taskBordure	16	static
../Asser/motor.c:338:6:taskRecherche	24	static
../Asser/motor.c:366:6:taskTrouve	16	static
../Asser/motor.c:385:6:taskAttrape	16	static
../Asser/motor.c:405:6:taskMotor	16	static
